unit,sex,age,region,year,value
YR,F,Y1,AL,2015,79.8
YR,F,Y1,PT,2015,77.9
YR,M,Y_LT1,CH,2015,83
YR,F,Y65,PT,2015,:
YR,F,Y1,AL,2016,79.2
YR,F,Y1,PT,2016,78
YR,M,Y_LT1,CH,2016,:
YR,F,Y65,PT,2016,84.3
